// Jest Snapshot v1, https://goo.gl/fbAQLP

exports[`<InstitutionsPage> renders 1`] = `
<h2>
  Institutions
</h2>
`;
