// Jest Snapshot v1, https://goo.gl/fbAQLP

exports[`<InstrumentsPage> renders 1`] = `
<h2>
  Instruments
</h2>
`;
