// Jest Snapshot v1, https://goo.gl/fbAQLP

exports[`<AccountsSection> renders account list sub component 1`] = `
<div>
  <h2>
    Accounts
  </h2>
  <AccountsList
    data={
      Object {
        "items": Array [],
        "loading": true,
      }
    }
  />
</div>
`;
