// Jest Snapshot v1, https://goo.gl/fbAQLP

exports[`<TransactionsSection> renders 1`] = `
<div>
  <h2>
    Transactions
  </h2>
</div>
`;
